[Shader.Pixel]
public struct StageInputOutputTest_Pixel
{
  [Shader.EntryPoint]
  void Main()
  {
  }
};
