public struct FrameData
{
   public float FrameTime;
   public float LogicTime;
};
