[Shader.Vertex]
public struct StageInputOutputTest_Vertex
{
  [Shader.StageOutput(Location = 0)] public float FrameTime;
  [Shader.StageOutput(Location = 1)] public Math.Vector4 Color;

  [Shader.EntryPoint]
  void Main()
  {
    Vertex0 vertex0 = new Vertex0();
    vertex0.Main();

    Vertex1 vertex1 = new Vertex1();
    vertex1.Main();

    this.FrameTime = vertex0.FrameTime;
    this.Color = vertex1.Color;
  }
};
