[Shader.Pixel]
public struct StageInputOutputTest_Pixel
{
  [Shader.StageInput(Location = 0)] public float FrameTime;

  [Shader.EntryPoint]
  void Main()
  {
    Pixel0 pixel0 = new Pixel0();
    pixel0.FrameTime = this.FrameTime;
    pixel0.Main();

    Pixel1 pixel1 = new Pixel1();
    pixel1.FrameTime = this.FrameTime;
    pixel1.Main();

  }
};
