[Shader.Vertex]
public struct HardwareBuiltInInputTest_Vertex
{
  [Shader.HardwareBuiltInInput(Shader.HardwareBuiltinType.VertexIndex)] public int VertexIndex;
  [Shader.HardwareBuiltInInput(Shader.HardwareBuiltinType.InstanceId)] public int InstanceId;

  [Shader.EntryPoint]
  void Main()
  {
    Vertex0 vertex0 = new Vertex0();
    vertex0.VertexIndex = this.VertexIndex;
    vertex0.Main();

    Vertex1 vertex1 = new Vertex1();
    vertex1.InstanceId = this.InstanceId;
    vertex1.VIndex = this.VertexIndex;
    vertex1.Main();

    Vertex2 vertex2 = new Vertex2();
    vertex2.Main();

  }
};
